// Jest Snapshot v1, https://goo.gl/fbAQLP

exports[`display when loading 1`] = `
<div>
  <div
    className="row"
  >
    <div
      className="col-md-3 col-md-offset-3 container"
    >
      <div
        className="text-center"
      >
        <h1>
          My Recipes
        </h1>
        <a
          href="about:blank/recipe/new"
        >
          Add a new Recipe
        </a>
      </div>
    </div>
  </div>
  <InfiniteScroll
    hasMore={true}
    loadMore={[Function]}
    loader={
      <div
        className="loader"
      >
        Loading ...
      </div>
    }
    pageStart={0}
  >
    <div
      className="row"
    />
  </InfiniteScroll>
</div>
`;
